Command line invocation:
    /Applications/Xcode_26.3.app/Contents/Developer/usr/bin/xcodebuild archive -workspace ./xcodePlantrecognition.xcworkspace -scheme xcodePlantrecognition -configuration Release -destination generic/platform=iOS -archivePath /Users/runner/work/Plantrecognition/Plantrecognition/build.xcarchive

ComputePackagePrebuildTargetDependencyGraph

Prepare packages

CreateBuildRequest

SendProjectDescription

CreateBuildOperation

ComputeTargetDependencyGraph
note: Building targets in dependency order
note: Target dependency graph (11 targets)
    Target 'xcodePlantrecognition' in project 'xcodePlantrecognition'
        ➜ Implicit dependency on target 'Pods-xcodePlantrecognition' in project 'Pods' via file 'Pods_xcodePlantrecognition.framework' in build phase 'Link Binary'
        ➜ Implicit dependency on target 'ApplePurchaseKit' in project 'Pods' via options '-framework ApplePurchaseKit' in build setting 'OTHER_LDFLAGS'
        ➜ Implicit dependency on target 'CryptoSwift' in project 'Pods' via options '-framework CryptoSwift' in build setting 'OTHER_LDFLAGS'
        ➜ Implicit dependency on target 'KeychainAccess' in project 'Pods' via options '-framework KeychainAccess' in build setting 'OTHER_LDFLAGS'
        ➜ Implicit dependency on target 'lottie-ios' in project 'Pods' via options '-framework Lottie' in build setting 'OTHER_LDFLAGS'
        ➜ Implicit dependency on target 'SVProgressHUD' in project 'Pods' via options '-framework SVProgressHUD' in build setting 'OTHER_LDFLAGS'
    Target 'Pods-xcodePlantrecognition' in project 'Pods'
        ➜ Explicit dependency on target 'ApplePurchaseKit' in project 'Pods'
        ➜ Explicit dependency on target 'CryptoSwift' in project 'Pods'
        ➜ Explicit dependency on target 'KeychainAccess' in project 'Pods'
        ➜ Explicit dependency on target 'SVProgressHUD' in project 'Pods'
        ➜ Explicit dependency on target 'UMCommon' in project 'Pods'
        ➜ Explicit dependency on target 'UMDevice' in project 'Pods'
        ➜ Explicit dependency on target 'lottie-ios' in project 'Pods'
    Target 'lottie-ios' in project 'Pods'
        ➜ Explicit dependency on target 'lottie-ios-LottiePrivacyInfo' in project 'Pods'
    Target 'lottie-ios-LottiePrivacyInfo' in project 'Pods' (no dependencies)
    Target 'SVProgressHUD' in project 'Pods' (no dependencies)
    Target 'KeychainAccess' in project 'Pods' (no dependencies)
    Target 'CryptoSwift' in project 'Pods'
        ➜ Explicit dependency on target 'CryptoSwift-CryptoSwift' in project 'Pods'
    Target 'CryptoSwift-CryptoSwift' in project 'Pods' (no dependencies)
    Target 'ApplePurchaseKit' in project 'Pods'
        ➜ Explicit dependency on target 'UMCommon' in project 'Pods'
        ➜ Explicit dependency on target 'UMDevice' in project 'Pods'
    Target 'UMCommon' in project 'Pods'
        ➜ Explicit dependency on target 'UMDevice' in project 'Pods'
    Target 'UMDevice' in project 'Pods' (no dependencies)

GatherProvisioningInputs

CreateBuildDescription

ExecuteExternalTool /Applications/Xcode_26.3.app/Contents/Developer/Toolchains/XcodeDefault.xctoolchain/usr/bin/clang -v -E -dM -isysroot /Applications/Xcode_26.3.app/Contents/Developer/Platforms/iPhoneOS.platform/Developer/SDKs/iPhoneOS26.2.sdk -x c -c /dev/null

ExecuteExternalTool /Applications/Xcode_26.3.app/Contents/Developer/Toolchains/XcodeDefault.xctoolchain/usr/bin/clang -v -E -dM -arch arm64 -isysroot /Applications/Xcode_26.3.app/Contents/Developer/Platforms/iPhoneOS.platform/Developer/SDKs/iPhoneOS26.2.sdk -x c -c /dev/null

ExecuteExternalTool /Applications/Xcode_26.3.app/Contents/Developer/usr/bin/actool --print-asset-tag-combinations --output-format xml1 /Users/runner/work/Plantrecognition/Plantrecognition/xcodePlantrecognition/Assets.xcassets

ExecuteExternalTool /Applications/Xcode_26.3.app/Contents/Developer/usr/bin/ibtool --version --output-format xml1

ExecuteExternalTool /Applications/Xcode_26.3.app/Contents/Developer/Toolchains/XcodeDefault.xctoolchain/usr/bin/clang -v -E -dM -arch arm64 -isysroot /Applications/Xcode_26.3.app/Contents/Developer/Platforms/iPhoneOS.platform/Developer/SDKs/iPhoneOS26.2.sdk -x objective-c -c /dev/null

ExecuteExternalTool /Applications/Xcode_26.3.app/Contents/Developer/Toolchains/XcodeDefault.xctoolchain/usr/bin/swiftc --version

ExecuteExternalTool /Applications/Xcode_26.3.app/Contents/Developer/Toolchains/XcodeDefault.xctoolchain/usr/bin/libtool -V

ExecuteExternalTool /Applications/Xcode_26.3.app/Contents/Developer/Toolchains/XcodeDefault.xctoolchain/usr/bin/ld -version_details

ExecuteExternalTool /Applications/Xcode_26.3.app/Contents/Developer/usr/bin/actool --version --output-format xml1

Build description signature: f285213526c6bef40e8fd7d016257816
Build description path: /Users/runner/Library/Developer/Xcode/DerivedData/xcodePlantrecognition-calgyrpuqevxquhffpbijdnpfldu/Build/Intermediates.noindex/ArchiveIntermediates/xcodePlantrecognition/IntermediateBuildFilesPath/XCBuildData/f285213526c6bef40e8fd7d016257816.xcbuilddata
/Users/runner/work/Plantrecognition/Plantrecognition/Pods/Pods.xcodeproj: warning: The iOS deployment target 'IPHONEOS_DEPLOYMENT_TARGET' is set to 9.0, but the range of supported deployment target versions is 12.0 to 26.2.99. (in target 'UMDevice' from project 'Pods')
/Users/runner/work/Plantrecognition/Plantrecognition/Pods/Pods.xcodeproj: warning: The iOS deployment target 'IPHONEOS_DEPLOYMENT_TARGET' is set to 9.0, but the range of supported deployment target versions is 12.0 to 26.2.99. (in target 'UMCommon' from project 'Pods')
/Users/runner/work/Plantrecognition/Plantrecognition/Pods/Pods.xcodeproj: warning: The iOS deployment target 'IPHONEOS_DEPLOYMENT_TARGET' is set to 11.0, but the range of supported deployment target versions is 12.0 to 26.2.99. (in target 'CryptoSwift-CryptoSwift' from project 'Pods')
/Users/runner/work/Plantrecognition/Plantrecognition/Pods/Pods.xcodeproj: warning: The iOS deployment target 'IPHONEOS_DEPLOYMENT_TARGET' is set to 11.0, but the range of supported deployment target versions is 12.0 to 26.2.99. (in target 'CryptoSwift' from project 'Pods')
/Users/runner/work/Plantrecognition/Plantrecognition/Pods/Pods.xcodeproj: warning: The iOS deployment target 'IPHONEOS_DEPLOYMENT_TARGET' is set to 9.0, but the range of supported deployment target versions is 12.0 to 26.2.99. (in target 'KeychainAccess' from project 'Pods')
/Users/runner/work/Plantrecognition/Plantrecognition/xcodePlantrecognition.xcodeproj: error: No profile for team 'NB72MDN3HF' matching 'plant' found: Xcode couldn't find any provisioning profiles matching 'NB72MDN3HF/plant'. Install the profile (by dragging and dropping it onto Xcode's dock item) or select a different one in the Signing & Capabilities tab of the target editor. (in target 'xcodePlantrecognition' from project 'xcodePlantrecognition')
** ARCHIVE FAILED **


The following build commands failed:
	Archiving workspace xcodePlantrecognition with scheme xcodePlantrecognition
(1 failure)
