Running altool at path '/Applications/Xcode_26.3.app/Contents/SharedFrameworks/ContentDelivery.framework/Resources/altool'...

2026-05-08 09:28:39.426 ERROR: [ContentDelivery.Uploader.6000035A8000] 
=======================================
UPLOAD FAILED with 3 errors
=======================================
2026-05-08 09:28:39.427 ERROR: [altool.6000035A8000] Validation failed (409) Invalid Version. The build with the version “1.0.2” can’t be imported because a later version has been closed for new build submissions. Choose a different version number. (ID: 138f48e9-12a4-4b0f-b91b-3221e8add8c5)
   NSUnderlyingError : Validation failed (-19241) Invalid Version. The build with the version “1.0.2” can’t be imported because a later version has been closed for new build submissions. Choose a different version number.
      status : 409
      detail : Invalid Version. The build with the version “1.0.2” can’t be imported because a later version has been closed for new build submissions. Choose a different version number.
      id : 138f48e9-12a4-4b0f-b91b-3221e8add8c5
      code : STATE_ERROR.VALIDATION_ERROR
      title : Validation failed
   iris-code : STATE_ERROR.VALIDATION_ERROR
Validation failed (409) Invalid Pre-Release Train. The train version '1.0.0' is closed for new build submissions (ID: bef5cb2b-7334-47a2-ad12-5ed222442590)
   NSUnderlyingError : Validation failed (-19241) Invalid Pre-Release Train. The train version '1.0.0' is closed for new build submissions
      status : 409
      detail : Invalid Pre-Release Train. The train version '1.0.0' is closed for new build submissions
      id : bef5cb2b-7334-47a2-ad12-5ed222442590
      code : STATE_ERROR.VALIDATION_ERROR
      title : Validation failed
   iris-code : STATE_ERROR.VALIDATION_ERROR
Validation failed (409) This bundle is invalid. The value for key CFBundleShortVersionString [1.0.0] in the Info.plist file must contain a higher version than that of the previously approved version [1.0.2]. Please find more information about CFBundleShortVersionString at https://developer.apple.com/documentation/bundleresources/information_property_list/cfbundleshortversionstring (ID: 3ad0b0f5-6ef4-40b1-b5a2-017bdfc1b33e)
   NSUnderlyingError : Validation failed (-19241) This bundle is invalid. The value for key CFBundleShortVersionString [1.0.0] in the Info.plist file must contain a higher version than that of the previously approved version [1.0.2]. Please find more information about CFBundleShortVersionString at https://developer.apple.com/documentation/bundleresources/information_property_list/cfbundleshortversionstring
      status : 409
      detail : This bundle is invalid. The value for key CFBundleShortVersionString [1.0.0] in the Info.plist file must contain a higher version than that of the previously approved version [1.0.2]. Please find more information about CFBundleShortVersionString at https://developer.apple.com/documentation/bundleresources/information_property_list/cfbundleshortversionstring
      id : 3ad0b0f5-6ef4-40b1-b5a2-017bdfc1b33e
      code : STATE_ERROR.VALIDATION_ERROR
      title : Validation failed
   iris-code : STATE_ERROR.VALIDATION_ERROR
Failed to upload package.
