Running altool at path '/Applications/Xcode_16.4.app/Contents/SharedFrameworks/ContentDeliveryServices.framework/Frameworks/AppStoreService.framework/Support/altool'...
2026-04-07 06:49:46.575 ERROR: [altool.6000023AC1C0] [ContentDelivery.Uploader.6000023AC1C0] Validation failed (409) Invalid Version. The build with the version “1.0.1” can’t be imported because a later version has been closed for new build submissions. Choose a different version number. (ID: c2b84101-d4c4-4261-89c7-57c80e8bb133)
2026-04-07 06:49:46.576 ERROR: [altool.6000023AC1C0] [ContentDelivery.Uploader.6000023AC1C0] Validation failed (409) Invalid Pre-Release Train. The train version '1.0.0' is closed for new build submissions (ID: 70ec214a-6254-4f1f-add3-18a86b768335)
2026-04-07 06:49:46.577 ERROR: [altool.6000023AC1C0] [ContentDelivery.Uploader.6000023AC1C0] Validation failed (409) This bundle is invalid. The value for key CFBundleShortVersionString [1.0.0] in the Info.plist file must contain a higher version than that of the previously approved version [1.0.1]. Please find more information about CFBundleShortVersionString at https://developer.apple.com/documentation/bundleresources/information_property_list/cfbundleshortversionstring (ID: bb1efab7-5536-4f8a-8552-357868f04ae9)
2026-04-07 06:49:58.691  INFO: [altool.6000023AC1C0] [ContentDelivery.Uploader.6000023AC1C0] 
=======================================
UPLOAD FAILED with 3 errors, 0 warnings, 0 messages
=======================================
2026-04-07 06:49:58.695 ERROR: [altool.6000023AC1C0] Error uploading 'countdown.ipa/countdown.ipa'.
2026-04-07 06:49:58.695 ERROR: [altool.6000023AC1C0] Validation failed Invalid Version. The build with the version “1.0.1” can’t be imported because a later version has been closed for new build submissions. Choose a different version number. (ID: c2b84101-d4c4-4261-89c7-57c80e8bb133) (409)
 {
    NSLocalizedDescription = "Validation failed";
    NSLocalizedFailureReason = "Invalid Version. The build with the version \U201c1.0.1\U201d can\U2019t be imported because a later version has been closed for new build submissions. Choose a different version number. (ID: c2b84101-d4c4-4261-89c7-57c80e8bb133)";
    NSUnderlyingError = "Error Domain=IrisAPI Code=-19241 \"Validation failed\" UserInfo={status=409, detail=Invalid Version. The build with the version \U201c1.0.1\U201d can\U2019t be imported because a later version has been closed for new build submissions. Choose a different version number., id=c2b84101-d4c4-4261-89c7-57c80e8bb133, code=STATE_ERROR.VALIDATION_ERROR, title=Validation failed, NSLocalizedFailureReason=Invalid Version. The build with the version \U201c1.0.1\U201d can\U2019t be imported because a later version has been closed for new build submissions. Choose a different version number., NSLocalizedDescription=Validation failed}";
    "iris-code" = "STATE_ERROR.VALIDATION_ERROR";
}
2026-04-07 06:49:58.696 ERROR: [altool.6000023AC1C0] Validation failed Invalid Pre-Release Train. The train version '1.0.0' is closed for new build submissions (ID: 70ec214a-6254-4f1f-add3-18a86b768335) (409)
 {
    NSLocalizedDescription = "Validation failed";
    NSLocalizedFailureReason = "Invalid Pre-Release Train. The train version '1.0.0' is closed for new build submissions (ID: 70ec214a-6254-4f1f-add3-18a86b768335)";
    NSUnderlyingError = "Error Domain=IrisAPI Code=-19241 \"Validation failed\" UserInfo={status=409, detail=Invalid Pre-Release Train. The train version '1.0.0' is closed for new build submissions, id=70ec214a-6254-4f1f-add3-18a86b768335, code=STATE_ERROR.VALIDATION_ERROR, title=Validation failed, NSLocalizedFailureReason=Invalid Pre-Release Train. The train version '1.0.0' is closed for new build submissions, NSLocalizedDescription=Validation failed}";
    "iris-code" = "STATE_ERROR.VALIDATION_ERROR";
}
2026-04-07 06:49:58.696 ERROR: [altool.6000023AC1C0] Validation failed This bundle is invalid. The value for key CFBundleShortVersionString [1.0.0] in the Info.plist file must contain a higher version than that of the previously approved version [1.0.1]. Please find more information about CFBundleShortVersionString at https://developer.apple.com/documentation/bundleresources/information_property_list/cfbundleshortversionstring (ID: bb1efab7-5536-4f8a-8552-357868f04ae9) (409)
 {
    NSLocalizedDescription = "Validation failed";
    NSLocalizedFailureReason = "This bundle is invalid. The value for key CFBundleShortVersionString [1.0.0] in the Info.plist file must contain a higher version than that of the previously approved version [1.0.1]. Please find more information about CFBundleShortVersionString at https://developer.apple.com/documentation/bundleresources/information_property_list/cfbundleshortversionstring (ID: bb1efab7-5536-4f8a-8552-357868f04ae9)";
    NSUnderlyingError = "Error Domain=IrisAPI Code=-19241 \"Validation failed\" UserInfo={status=409, detail=This bundle is invalid. The value for key CFBundleShortVersionString [1.0.0] in the Info.plist file must contain a higher version than that of the previously approved version [1.0.1]. Please find more information about CFBundleShortVersionString at https://developer.apple.com/documentation/bundleresources/information_property_list/cfbundleshortversionstring, id=bb1efab7-5536-4f8a-8552-357868f04ae9, code=STATE_ERROR.VALIDATION_ERROR, title=Validation failed, NSLocalizedFailureReason=This bundle is invalid. The value for key CFBundleShortVersionString [1.0.0] in the Info.plist file must contain a higher version than that of the previously approved version [1.0.1]. Please find more information about CFBundleShortVersionString at https://developer.apple.com/documentation/bundleresources/information_property_list/cfbundleshortversionstring, NSLocalizedDescription=Validation failed}";
    "iris-code" = "STATE_ERROR.VALIDATION_ERROR";
}
